// Jest Snapshot v1, https://goo.gl/fbAQLP

exports[`测试 Titbat 组件 1`] = `
<div>
  我是but组件
</div>
`;
